
分配公共符号
公共符号            大小              文件

_sortAttr_queue     0x8               main.o
_sem_full           0x4               main.o
_sortAttr_queue_head
                    0x4               main.o
_sortAttrCnt        0x4               main.o
_sem_empty          0x4               main.o
_g_heap             0x4               myalloc.o

舍弃的输入节

 .note.GNU-stack
                0x0000000000000000        0x0 vm86call.o
 .note.GNU-stack
                0x0000000000000000        0x0 graphics.o
 .note.GNU-stack
                0x0000000000000000        0x0 main.o
 .note.GNU-stack
                0x0000000000000000        0x0 sort.o
 .note.GNU-stack
                0x0000000000000000        0x0 lib/sysconf.o
 .note.GNU-stack
                0x0000000000000000        0x0 lib/math.o
 .note.GNU-stack
                0x0000000000000000        0x0 lib/stdio.o
 .note.GNU-stack
                0x0000000000000000        0x0 lib/stdlib.o
 .note.GNU-stack
                0x0000000000000000        0x0 lib/qsort.o
 .note.GNU-stack
                0x0000000000000000        0x0 ../lib/softfloat.o
 .note.GNU-stack
                0x0000000000000000        0x0 ../lib/string.o
 .note.GNU-stack
                0x0000000000000000        0x0 ../lib/memcpy.o
 .note.GNU-stack
                0x0000000000000000        0x0 ../lib/memset.o
 .note.GNU-stack
                0x0000000000000000        0x0 ../lib/snprintf.o
 .note.GNU-stack
                0x0000000000000000        0x0 myalloc.o

内存配置

名称           来源             长度             属性
*default*        0x0000000000000000 0xffffffffffffffff

链结器命令稿和内存映射

LOAD lib/crt0.o
LOAD lib/setjmp.o
LOAD lib/syscall-wrapper.o
LOAD vm86call.o
LOAD graphics.o
LOAD main.o
LOAD sort.o
LOAD lib/sysconf.o
LOAD lib/math.o
LOAD lib/stdio.o
LOAD lib/stdlib.o
LOAD lib/qsort.o
LOAD ../lib/softfloat.o
LOAD ../lib/string.o
LOAD ../lib/memcpy.o
LOAD ../lib/memset.o
LOAD ../lib/snprintf.o
LOAD myalloc.o
                [!provide]                        PROVIDE (__executable_start, 0x8048000)
                0x00000000080480d4                . = (0x8048000 + SIZEOF_HEADERS)

.interp
 *(.interp)

.note.gnu.build-id
                0x00000000080480d4       0x24
 *(.note.gnu.build-id)
 .note.gnu.build-id
                0x00000000080480d4       0x24 lib/crt0.o

.hash
 *(.hash)

.gnu.hash
 *(.gnu.hash)

.dynsym
 *(.dynsym)

.dynstr
 *(.dynstr)

.gnu.version
 *(.gnu.version)

.gnu.version_d
 *(.gnu.version_d)

.gnu.version_r
 *(.gnu.version_r)

.rel.dyn        0x00000000080480f8        0x0
 *(.rel.init)
 *(.rel.text .rel.text.* .rel.gnu.linkonce.t.*)
 .rel.text      0x00000000080480f8        0x0 lib/crt0.o
 .rel.text.startup
                0x00000000080480f8        0x0 lib/crt0.o
 *(.rel.fini)
 *(.rel.rodata .rel.rodata.* .rel.gnu.linkonce.r.*)
 *(.rel.data.rel.ro .rel.data.rel.ro.* .rel.gnu.linkonce.d.rel.ro.*)
 *(.rel.data .rel.data.* .rel.gnu.linkonce.d.*)
 *(.rel.tdata .rel.tdata.* .rel.gnu.linkonce.td.*)
 *(.rel.tbss .rel.tbss.* .rel.gnu.linkonce.tb.*)
 *(.rel.ctors)
 *(.rel.dtors)
 *(.rel.got)
 *(.rel.bss .rel.bss.* .rel.gnu.linkonce.b.*)
 *(.rel.ifunc)

.rel.plt        0x00000000080480f8        0x0
 *(.rel.plt)
                [!provide]                        PROVIDE (__rel_iplt_start, .)
 *(.rel.iplt)
 .rel.iplt      0x00000000080480f8        0x0 lib/crt0.o
                [!provide]                        PROVIDE (__rel_iplt_end, .)

.init
 *(SORT(.init))

.plt            0x0000000008048100        0x0
 *(.plt)
 *(.iplt)
 .iplt          0x0000000008048100        0x0 lib/crt0.o

.plt.got
 *(.plt.got)

.text           0x0000000008048100     0x5e98
 *(.text.unlikely .text.*_unlikely .text.unlikely.*)
 .text.unlikely
                0x0000000008048100        0x0 vm86call.o
 .text.unlikely
                0x0000000008048100        0x0 graphics.o
 .text.unlikely
                0x0000000008048100        0x0 main.o
 .text.unlikely
                0x0000000008048100        0x0 sort.o
 .text.unlikely
                0x0000000008048100        0x0 lib/sysconf.o
 .text.unlikely
                0x0000000008048100        0x0 lib/math.o
 .text.unlikely
                0x0000000008048100        0x0 lib/stdio.o
 .text.unlikely
                0x0000000008048100        0x0 lib/stdlib.o
 .text.unlikely
                0x0000000008048100        0x0 lib/qsort.o
 .text.unlikely
                0x0000000008048100        0x0 ../lib/softfloat.o
 .text.unlikely
                0x0000000008048100        0x0 ../lib/string.o
 .text.unlikely
                0x0000000008048100        0x0 ../lib/memcpy.o
 .text.unlikely
                0x0000000008048100        0x0 ../lib/memset.o
 .text.unlikely
                0x0000000008048100        0x0 ../lib/snprintf.o
 .text.unlikely
                0x0000000008048100        0x0 myalloc.o
 *(.text.exit .text.exit.*)
 *(.text.startup .text.startup.*)
 .text.startup  0x0000000008048100       0x34 main.o
                0x0000000008048100                _main
 *(.text.hot .text.hot.*)
 *(.text .stub .text.* .gnu.linkonce.t.*)
 .text          0x0000000008048134        0xa lib/crt0.o
                0x0000000008048134                _start
 .text          0x000000000804813e       0x38 lib/setjmp.o
                0x000000000804813e                _setjmp
                0x0000000008048158                _longjmp
 .text          0x0000000008048176       0xc0 lib/syscall-wrapper.o
                0x0000000008048176                _task_exit
                0x000000000804817e                _task_create
                0x0000000008048186                _task_getid
                0x000000000804818e                _task_yield
                0x0000000008048196                _task_wait
                0x000000000804819e                _reboot
                0x00000000080481a6                _mmap
                0x00000000080481ae                _munmap
                0x00000000080481b6                _sleep
                0x00000000080481be                _nanosleep
                0x00000000080481c6                _beep
                0x00000000080481ce                _vm86
                0x00000000080481d6                _putchar
                0x00000000080481de                _getchar
                0x00000000080481e6                _recv
                0x00000000080481ee                _send
                0x00000000080481f6                _ioctl
                0x00000000080481fe                _time
                0x0000000008048206                _get_priority
                0x000000000804820e                _set_priority
                0x0000000008048216                _sem_create
                0x000000000804821e                _sem_destroy
                0x0000000008048226                _sem_wait
                0x000000000804822e                _sem_signal
 *fill*         0x0000000008048236        0xa 
 .text          0x0000000008048240      0x10a vm86call.o
                0x0000000008048240                _vm86call
 *fill*         0x000000000804834a        0x6 
 .text          0x0000000008048350     0x1223 graphics.o
                0x0000000008048530                _list_graphic_modes
                0x0000000008048770                _init_graphic
                0x0000000008048a70                _exit_graphic
                0x0000000008048aa0                _setPixel
                0x0000000008048db0                _line
                0x0000000008048f20                _refreshArea
                0x0000000008048f70                _refreshAll
                0x0000000008048fb0                _rgb2Hue
                0x0000000008049150                _Hue2rgb
                0x0000000008049340                _maxRGB
                0x0000000008049370                _minRGB
                0x00000000080493a0                _drawLines
                0x0000000008049500                _drawLinesFromBottom
 *fill*         0x0000000008049573        0xd 
 .text          0x0000000008049580      0xeca main.o
                0x0000000008049580                _task_producer
                0x0000000008049720                _task_consumer
                0x0000000008049860                ___main
                0x00000000080498a0                _test
                0x00000000080498e0                _Lab1_Go
                0x0000000008049930                _Lab2_Go
                0x0000000008049c70                _Lab3_Go
                0x000000000804a000                _control_priority
                0x000000000804a370                _Lab4_Go
 *fill*         0x000000000804a44a        0x6 
 .text          0x000000000804a450      0x89c sort.o
                0x000000000804a450                _msleep
                0x000000000804a480                _sort_runner
                0x000000000804a4b0                _attrGenerator
                0x000000000804a5d0                _sortFree
                0x000000000804a600                _swap
                0x000000000804a620                _bubbleSort
                0x000000000804a690                _selectSort
                0x000000000804a770                _insertSort
                0x000000000804a810                _shellSort
                0x000000000804a930                _quickFun
                0x000000000804aa20                _quickSort
                0x000000000804aa50                _mergeSort
                0x000000000804abc0                _percDown
                0x000000000804ac60                _heapSort
 *fill*         0x000000000804acec        0x4 
 .text          0x000000000804acf0       0x13 lib/sysconf.o
                0x000000000804acf0                _sysconf
 *fill*         0x000000000804ad03        0xd 
 .text          0x000000000804ad10      0x221 lib/math.o
                0x000000000804ad10                _fabs
                0x000000000804ad30                _floor
                0x000000000804ad90                _ceil
                0x000000000804adf0                _sin
                0x000000000804ae00                _cos
                0x000000000804ae10                _sqrt
                0x000000000804ae20                _log2
                0x000000000804ae30                _atan2
                0x000000000804ae40                _tan
                0x000000000804ae50                _cot
                0x000000000804ae60                _pow
                0x000000000804aed0                _exp
                0x000000000804af20                _log
 *fill*         0x000000000804af31        0xf 
 .text          0x000000000804af40      0x195 lib/stdio.o
                0x000000000804af40                _printf
                0x000000000804afa0                _fprintf
                0x000000000804b000                _vprintf
                0x000000000804b060                _vfprintf
                0x000000000804b080                _vsprintf
                0x000000000804b0a0                _sprintf
                0x000000000804b0c0                _fputc
 *fill*         0x000000000804b0d5        0xb 
 .text          0x000000000804b0e0      0x651 lib/stdlib.o
                0x000000000804b0e0                _exit
                0x000000000804b0f0                _ldiv
                0x000000000804b130                _div
                0x000000000804b170                _rand_r
                0x000000000804b1e0                _rand
                0x000000000804b260                _srand
                0x000000000804b270                _strtol
                0x000000000804b4a0                _strtoul
                0x000000000804b720                _atol
 *fill*         0x000000000804b731        0xf 
 .text          0x000000000804b740      0x8c7 lib/qsort.o
                0x000000000804b740                _qsort
 *fill*         0x000000000804c007        0x9 
 .text          0x000000000804c010      0x28b ../lib/softfloat.o
                0x000000000804c0e0                ___udivmoddi4
                0x000000000804c130                ___divdi3
                0x000000000804c1a0                ___moddi3
                0x000000000804c210                ___udivdi3
                0x000000000804c260                ___umoddi3
 *fill*         0x000000000804c29b        0x5 
 .text          0x000000000804c2a0      0x390 ../lib/string.o
                0x000000000804c2a0                _memcmp
                0x000000000804c2e0                _memmove
                0x000000000804c340                _memchr
                0x000000000804c370                _strcat
                0x000000000804c3b0                _strcmp
                0x000000000804c3f0                _strncmp
                0x000000000804c450                _strchr
                0x000000000804c490                _strrchr
                0x000000000804c4c0                _strstr
                0x000000000804c590                _strcpy
                0x000000000804c5c0                _strlen
                0x000000000804c5e0                _strncpy
 .text          0x000000000804c630      0x5f7 ../lib/memcpy.o
                0x000000000804c630                _memcpy
 *fill*         0x000000000804cc27        0x9 
 .text          0x000000000804cc30       0xa6 ../lib/memset.o
                0x000000000804cc30                _memset
 *fill*         0x000000000804ccd6        0xa 
 .text          0x000000000804cce0      0x955 ../lib/snprintf.o
                0x000000000804d5d0                _vsnprintf
                0x000000000804d600                _snprintf
 *fill*         0x000000000804d635        0xb 
 .text          0x000000000804d640      0x958 myalloc.o
                0x000000000804d640                _tlsf_create_with_pool
                0x000000000804d680                _get_sem
                0x000000000804d6b0                _malloc
                0x000000000804d7c0                _free
                0x000000000804d8d0                _calloc
                0x000000000804d900                _realloc
                0x000000000804d960                _test_allocator
 *(.gnu.warning)

.fini
 *(SORT(.fini))
                [!provide]                        PROVIDE (__etext, .)
                [!provide]                        PROVIDE (_etext, .)
                [!provide]                        PROVIDE (etext, .)

.rodata         0x000000000804df98      0x888
 *(.rodata .rodata.* .gnu.linkonce.r.*)
 .rodata.str1.4
                0x000000000804df98       0x2a vm86call.o
 *fill*         0x000000000804dfc2        0x2 
 .rodata.str1.4
                0x000000000804dfc4      0x16a graphics.o
 .rodata.str1.1
                0x000000000804e12e       0x68 graphics.o
                                         0x6d (松开之前的大小)
 *fill*         0x000000000804e196        0x2 
 .rodata        0x000000000804e198       0x84 graphics.o
 .rodata.cst4   0x000000000804e21c       0x14 graphics.o
 .rodata.str1.4
                0x000000000804e230       0xdd main.o
 .rodata.str1.1
                0x000000000804e30d        0x8 main.o
 *fill*         0x000000000804e315        0x3 
 .rodata.cst4   0x000000000804e318        0x8 main.o
 .rodata.cst8   0x000000000804e320        0x8 lib/math.o
 .rodata        0x000000000804e328       0x20 ../lib/memcpy.o
 .rodata.str1.1
                0x000000000804e348       0x29 ../lib/snprintf.o
 *fill*         0x000000000804e371        0x3 
 .rodata        0x000000000804e374      0x194 ../lib/snprintf.o
 .rodata.str1.1
                0x000000000804e508       0x66 myalloc.o
 *fill*         0x000000000804e56e        0x2 
 .rodata.str1.4
                0x000000000804e570      0x2b0 myalloc.o
                                        0x2ae (松开之前的大小)

.rodata1
 *(.rodata1)

.eh_frame_hdr   0x000000000804e820      0x354
 *(.eh_frame_hdr)
 .eh_frame_hdr  0x000000000804e820      0x354 vm86call.o
                0x000000000804e820                __GNU_EH_FRAME_HDR
 *(.eh_frame_entry .eh_frame_entry.*)

.eh_frame       0x000000000804eb74     0x1fd0
 *(.eh_frame)
 .eh_frame      0x000000000804eb74       0x70 vm86call.o
 .eh_frame      0x000000000804ebe4      0x5c4 graphics.o
                                        0x5dc (松开之前的大小)
 .eh_frame      0x000000000804f1a8      0x670 main.o
                                        0x688 (松开之前的大小)
 .eh_frame      0x000000000804f818      0x400 sort.o
                                        0x418 (松开之前的大小)
 .eh_frame      0x000000000804fc18       0x14 lib/sysconf.o
                                         0x2c (松开之前的大小)
 .eh_frame      0x000000000804fc2c      0x138 lib/math.o
                                        0x150 (松开之前的大小)
 .eh_frame      0x000000000804fd64      0x17c lib/stdio.o
                                        0x194 (松开之前的大小)
 .eh_frame      0x000000000804fee0      0x148 lib/stdlib.o
                                        0x160 (松开之前的大小)
 .eh_frame      0x0000000008050028      0x1a4 lib/qsort.o
                                        0x1bc (松开之前的大小)
 .eh_frame      0x00000000080501cc      0x168 ../lib/softfloat.o
                                        0x180 (松开之前的大小)
 .eh_frame      0x0000000008050334      0x1d8 ../lib/string.o
                                        0x1f0 (松开之前的大小)
 .eh_frame      0x000000000805050c       0x70 ../lib/memcpy.o
                                         0x88 (松开之前的大小)
 .eh_frame      0x000000000805057c       0x3c ../lib/memset.o
                                         0x54 (松开之前的大小)
 .eh_frame      0x00000000080505b8      0x140 ../lib/snprintf.o
                                        0x158 (松开之前的大小)
 .eh_frame      0x00000000080506f8      0x44c myalloc.o
                                        0x464 (松开之前的大小)
 *(.eh_frame.*)

.gcc_except_table
 *(.gcc_except_table .gcc_except_table.*)

.gnu_extab
 *(.gnu_extab*)

.exception_ranges
 *(.exception_ranges .exception_ranges*)
                0x0000000008052000                . = DATA_SEGMENT_ALIGN (0x1000, 0x1000)

.eh_frame
 *(.eh_frame)
 *(.eh_frame.*)

.gnu_extab
 *(.gnu_extab)

.gcc_except_table
 *(.gcc_except_table .gcc_except_table.*)

.exception_ranges
 *(.exception_ranges .exception_ranges*)

.tdata
 *(.tdata .tdata.* .gnu.linkonce.td.*)

.tbss
 *(.tbss .tbss.* .gnu.linkonce.tb.*)
 *(.tcommon)

.preinit_array  0x0000000008052000        0x0
                [!provide]                        PROVIDE (__preinit_array_start, .)
 *(.preinit_array)
                [!provide]                        PROVIDE (__preinit_array_end, .)

.init_array     0x0000000008052000        0x0
                [!provide]                        PROVIDE (__init_array_start, .)
 *(SORT(.init_array.*) SORT(.ctors.*))
 *(.init_array EXCLUDE_FILE(*crtend?.o *crtend.o *crtbegin?.o *crtbegin.o) .ctors)
                [!provide]                        PROVIDE (__init_array_end, .)

.fini_array     0x0000000008052000        0x0
                [!provide]                        PROVIDE (__fini_array_start, .)
 *(SORT(.fini_array.*) SORT(.dtors.*))
 *(.fini_array EXCLUDE_FILE(*crtend?.o *crtend.o *crtbegin?.o *crtbegin.o) .dtors)
                [!provide]                        PROVIDE (__fini_array_end, .)

.ctors
 *crtbegin.o(.ctors)
 *crtbegin?.o(.ctors)
 *(EXCLUDE_FILE(*crtend?.o *crtend.o) .ctors)
 *(SORT(.ctors.*))
 *(.ctors)

.dtors
 *crtbegin.o(.dtors)
 *crtbegin?.o(.dtors)
 *(EXCLUDE_FILE(*crtend?.o *crtend.o) .dtors)
 *(SORT(.dtors.*))
 *(.dtors)

.jcr
 *(.jcr)

.data.rel.ro
 *(.data.rel.ro.local* .gnu.linkonce.d.rel.ro.local.*)
 *(.data.rel.ro .data.rel.ro.* .gnu.linkonce.d.rel.ro.*)

.dynamic
 *(.dynamic)

.got
 *(.got)
 *(.igot)
                0x0000000008052000                . = DATA_SEGMENT_RELRO_END (., (SIZEOF (.got.plt) >= 0xc)?0xc:0x0)

.got.plt        0x0000000008052000        0x0
 *(.got.plt)
 *(.igot.plt)
 .igot.plt      0x0000000008052000        0x0 lib/crt0.o

.data           0x0000000008052000        0x8
 *(.data .data.* .gnu.linkonce.d.*)
 .data          0x0000000008052000        0x0 lib/crt0.o
 .data          0x0000000008052000        0x0 lib/setjmp.o
 .data          0x0000000008052000        0x0 lib/syscall-wrapper.o
 .data          0x0000000008052000        0x0 vm86call.o
 .data          0x0000000008052000        0x4 graphics.o
 .data          0x0000000008052004        0x0 main.o
 .data          0x0000000008052004        0x0 sort.o
 .data          0x0000000008052004        0x0 lib/sysconf.o
 .data          0x0000000008052004        0x0 lib/math.o
 .data          0x0000000008052004        0x0 lib/stdio.o
 .data          0x0000000008052004        0x4 lib/stdlib.o
 .data          0x0000000008052008        0x0 lib/qsort.o
 .data          0x0000000008052008        0x0 ../lib/softfloat.o
 .data          0x0000000008052008        0x0 ../lib/string.o
 .data          0x0000000008052008        0x0 ../lib/memcpy.o
 .data          0x0000000008052008        0x0 ../lib/memset.o
 .data          0x0000000008052008        0x0 ../lib/snprintf.o
 .data          0x0000000008052008        0x0 myalloc.o

.data1
 *(.data1)
                0x0000000008052008                _edata = .
                [!provide]                        PROVIDE (edata, .)
                0x0000000008052008                . = .
                0x0000000008052008                __bss_start = .

.bss            0x0000000008052020      0x344
 *(.dynbss)
 *(.bss .bss.* .gnu.linkonce.b.*)
 .bss           0x0000000008052020        0x0 lib/crt0.o
 .bss           0x0000000008052020        0x0 lib/setjmp.o
 .bss           0x0000000008052020        0x0 lib/syscall-wrapper.o
 .bss           0x0000000008052020        0x0 vm86call.o
 .bss           0x0000000008052020      0x320 graphics.o
                0x0000000008052020                _g_graphic_dev
 .bss           0x0000000008052340        0x0 main.o
 .bss           0x0000000008052340        0x0 sort.o
 .bss           0x0000000008052340        0x0 lib/sysconf.o
 .bss           0x0000000008052340        0x0 lib/math.o
 .bss           0x0000000008052340        0x0 lib/stdio.o
 .bss           0x0000000008052340        0x0 lib/stdlib.o
 .bss           0x0000000008052340        0x0 lib/qsort.o
 .bss           0x0000000008052340        0x0 ../lib/softfloat.o
 .bss           0x0000000008052340        0x0 ../lib/string.o
 .bss           0x0000000008052340        0x0 ../lib/memcpy.o
 .bss           0x0000000008052340        0x0 ../lib/memset.o
 .bss           0x0000000008052340        0x0 ../lib/snprintf.o
 .bss           0x0000000008052340        0x8 myalloc.o
                0x0000000008052340                _sem_mutex
 *(COMMON)
 COMMON         0x0000000008052348       0x18 main.o
                0x0000000008052348                _sortAttr_queue
                0x0000000008052350                _sem_full
                0x0000000008052354                _sortAttr_queue_head
                0x0000000008052358                _sortAttrCnt
                0x000000000805235c                _sem_empty
 COMMON         0x0000000008052360        0x4 myalloc.o
                0x0000000008052360                _g_heap
                0x0000000008052364                . = ALIGN ((. != 0x0)?0x4:0x1)
                0x0000000008052364                . = ALIGN (0x4)
                0x0000000008052364                . = SEGMENT_START ("ldata-segment", .)
                0x0000000008052364                . = ALIGN (0x4)
                0x0000000008052364                _end = .
                [!provide]                        PROVIDE (end, .)
                0x0000000008052364                . = DATA_SEGMENT_END (.)

.stab
 *(.stab)

.stabstr
 *(.stabstr)

.stab.excl
 *(.stab.excl)

.stab.exclstr
 *(.stab.exclstr)

.stab.index
 *(.stab.index)

.stab.indexstr
 *(.stab.indexstr)

.comment        0x0000000000000000       0x34
 *(.comment)
 .comment       0x0000000000000000       0x34 vm86call.o
                                         0x35 (松开之前的大小)
 .comment       0x0000000000000034       0x35 graphics.o
 .comment       0x0000000000000034       0x35 main.o
 .comment       0x0000000000000034       0x35 sort.o
 .comment       0x0000000000000034       0x35 lib/sysconf.o
 .comment       0x0000000000000034       0x35 lib/math.o
 .comment       0x0000000000000034       0x35 lib/stdio.o
 .comment       0x0000000000000034       0x35 lib/stdlib.o
 .comment       0x0000000000000034       0x35 lib/qsort.o
 .comment       0x0000000000000034       0x35 ../lib/softfloat.o
 .comment       0x0000000000000034       0x35 ../lib/string.o
 .comment       0x0000000000000034       0x35 ../lib/memcpy.o
 .comment       0x0000000000000034       0x35 ../lib/memset.o
 .comment       0x0000000000000034       0x35 ../lib/snprintf.o
 .comment       0x0000000000000034       0x35 myalloc.o

.debug
 *(.debug)

.line
 *(.line)

.debug_srcinfo
 *(.debug_srcinfo)

.debug_sfnames
 *(.debug_sfnames)

.debug_aranges  0x0000000000000000      0x1e8
 *(.debug_aranges)
 .debug_aranges
                0x0000000000000000       0x20 vm86call.o
 .debug_aranges
                0x0000000000000020       0x20 graphics.o
 .debug_aranges
                0x0000000000000040       0x28 main.o
 .debug_aranges
                0x0000000000000068       0x20 sort.o
 .debug_aranges
                0x0000000000000088       0x20 lib/sysconf.o
 .debug_aranges
                0x00000000000000a8       0x20 lib/math.o
 .debug_aranges
                0x00000000000000c8       0x20 lib/stdio.o
 .debug_aranges
                0x00000000000000e8       0x20 lib/stdlib.o
 .debug_aranges
                0x0000000000000108       0x20 lib/qsort.o
 .debug_aranges
                0x0000000000000128       0x20 ../lib/softfloat.o
 .debug_aranges
                0x0000000000000148       0x20 ../lib/string.o
 .debug_aranges
                0x0000000000000168       0x20 ../lib/memcpy.o
 .debug_aranges
                0x0000000000000188       0x20 ../lib/memset.o
 .debug_aranges
                0x00000000000001a8       0x20 ../lib/snprintf.o
 .debug_aranges
                0x00000000000001c8       0x20 myalloc.o

.debug_pubnames
 *(.debug_pubnames)

.debug_info     0x0000000000000000     0x6201
 *(.debug_info .gnu.linkonce.wi.*)
 .debug_info    0x0000000000000000      0x23c vm86call.o
 .debug_info    0x000000000000023c     0x10da graphics.o
 .debug_info    0x0000000000001316     0x10f7 main.o
 .debug_info    0x000000000000240d      0xa7d sort.o
 .debug_info    0x0000000000002e8a       0x5b lib/sysconf.o
 .debug_info    0x0000000000002ee5      0x30e lib/math.o
 .debug_info    0x00000000000031f3      0x384 lib/stdio.o
 .debug_info    0x0000000000003577      0x573 lib/stdlib.o
 .debug_info    0x0000000000003aea      0xa66 lib/qsort.o
 .debug_info    0x0000000000004550      0x39f ../lib/softfloat.o
 .debug_info    0x00000000000048ef      0x522 ../lib/string.o
 .debug_info    0x0000000000004e11      0x24b ../lib/memcpy.o
 .debug_info    0x000000000000505c       0xfc ../lib/memset.o
 .debug_info    0x0000000000005158      0x831 ../lib/snprintf.o
 .debug_info    0x0000000000005989      0x878 myalloc.o

.debug_abbrev   0x0000000000000000     0x19b7
 *(.debug_abbrev)
 .debug_abbrev  0x0000000000000000       0xfb vm86call.o
 .debug_abbrev  0x00000000000000fb      0x38a graphics.o
 .debug_abbrev  0x0000000000000485      0x2f7 main.o
 .debug_abbrev  0x000000000000077c      0x235 sort.o
 .debug_abbrev  0x00000000000009b1       0x55 lib/sysconf.o
 .debug_abbrev  0x0000000000000a06      0x11c lib/math.o
 .debug_abbrev  0x0000000000000b22      0x131 lib/stdio.o
 .debug_abbrev  0x0000000000000c53      0x273 lib/stdlib.o
 .debug_abbrev  0x0000000000000ec6      0x19a lib/qsort.o
 .debug_abbrev  0x0000000000001060      0x18a ../lib/softfloat.o
 .debug_abbrev  0x00000000000011ea      0x16e ../lib/string.o
 .debug_abbrev  0x0000000000001358       0xb0 ../lib/memcpy.o
 .debug_abbrev  0x0000000000001408       0x90 ../lib/memset.o
 .debug_abbrev  0x0000000000001498      0x2ac ../lib/snprintf.o
 .debug_abbrev  0x0000000000001744      0x273 myalloc.o

.debug_line     0x0000000000000000     0x1a2d
 *(.debug_line .debug_line.* .debug_line_end)
 .debug_line    0x0000000000000000       0x9e vm86call.o
 .debug_line    0x000000000000009e      0x404 graphics.o
 .debug_line    0x00000000000004a2      0x330 main.o
 .debug_line    0x00000000000007d2      0x301 sort.o
 .debug_line    0x0000000000000ad3       0x3e lib/sysconf.o
 .debug_line    0x0000000000000b11       0x90 lib/math.o
 .debug_line    0x0000000000000ba1       0xb8 lib/stdio.o
 .debug_line    0x0000000000000c59      0x1cb lib/stdlib.o
 .debug_line    0x0000000000000e24      0x28b lib/qsort.o
 .debug_line    0x00000000000010af       0xe0 ../lib/softfloat.o
 .debug_line    0x000000000000118f      0x120 ../lib/string.o
 .debug_line    0x00000000000012af      0x16a ../lib/memcpy.o
 .debug_line    0x0000000000001419       0xb4 ../lib/memset.o
 .debug_line    0x00000000000014cd      0x2d2 ../lib/snprintf.o
 .debug_line    0x000000000000179f      0x28e myalloc.o

.debug_frame
 *(.debug_frame)

.debug_str      0x0000000000000000     0x1002
 *(.debug_str)
 .debug_str     0x0000000000000000      0x177 vm86call.o
                                        0x1a5 (松开之前的大小)
 .debug_str     0x0000000000000177      0x4cc graphics.o
                                        0x703 (松开之前的大小)
 .debug_str     0x0000000000000643      0x44e main.o
                                        0x6d0 (松开之前的大小)
 .debug_str     0x0000000000000a91       0xe1 sort.o
                                        0x3a7 (松开之前的大小)
 .debug_str     0x0000000000000b72        0xe lib/sysconf.o
                                         0xdd (松开之前的大小)
 .debug_str     0x0000000000000b80       0x32 lib/math.o
                                        0x160 (松开之前的大小)
 .debug_str     0x0000000000000bb2       0x61 lib/stdio.o
                                        0x1be (松开之前的大小)
 .debug_str     0x0000000000000c13       0x99 lib/stdlib.o
                                        0x218 (松开之前的大小)
 .debug_str     0x0000000000000cac       0x37 lib/qsort.o
                                        0x138 (松开之前的大小)
 .debug_str     0x0000000000000ce3      0x132 ../lib/softfloat.o
                                        0x1a8 (松开之前的大小)
 .debug_str     0x0000000000000e15       0x89 ../lib/string.o
                                        0x1ac (松开之前的大小)
 .debug_str     0x0000000000000e9e       0x55 ../lib/memcpy.o
                                        0x195 (松开之前的大小)
 .debug_str     0x0000000000000ef3       0x1c ../lib/memset.o
                                        0x17f (松开之前的大小)
 .debug_str     0x0000000000000f0f       0x97 ../lib/snprintf.o
                                        0x236 (松开之前的大小)
 .debug_str     0x0000000000000fa6       0x5c myalloc.o
                                        0x2a3 (松开之前的大小)

.debug_loc      0x0000000000000000     0x7c2d
 *(.debug_loc)
 .debug_loc     0x0000000000000000      0x1c2 vm86call.o
 .debug_loc     0x00000000000001c2     0x1199 graphics.o
 .debug_loc     0x000000000000135b      0x6e4 main.o
 .debug_loc     0x0000000000001a3f      0x73a sort.o
 .debug_loc     0x0000000000002179      0x187 lib/math.o
 .debug_loc     0x0000000000002300      0x1bc lib/stdio.o
 .debug_loc     0x00000000000024bc      0x8e5 lib/stdlib.o
 .debug_loc     0x0000000000002da1     0x14d0 lib/qsort.o
 .debug_loc     0x0000000000004271      0x603 ../lib/softfloat.o
 .debug_loc     0x0000000000004874      0x77d ../lib/string.o
 .debug_loc     0x0000000000004ff1     0x122f ../lib/memcpy.o
 .debug_loc     0x0000000000006220      0x186 ../lib/memset.o
 .debug_loc     0x00000000000063a6     0x144e ../lib/snprintf.o
 .debug_loc     0x00000000000077f4      0x439 myalloc.o

.debug_macinfo
 *(.debug_macinfo)

.debug_weaknames
 *(.debug_weaknames)

.debug_funcnames
 *(.debug_funcnames)

.debug_typenames
 *(.debug_typenames)

.debug_varnames
 *(.debug_varnames)

.debug_pubtypes
 *(.debug_pubtypes)

.debug_ranges   0x0000000000000000      0x948
 *(.debug_ranges)
 .debug_ranges  0x0000000000000000       0x98 graphics.o
 .debug_ranges  0x0000000000000098      0x200 main.o
 .debug_ranges  0x0000000000000298       0xb0 sort.o
 .debug_ranges  0x0000000000000348       0x78 lib/stdlib.o
 .debug_ranges  0x00000000000003c0      0x3b8 lib/qsort.o
 .debug_ranges  0x0000000000000778       0x60 ../lib/softfloat.o
 .debug_ranges  0x00000000000007d8       0x48 ../lib/string.o
 .debug_ranges  0x0000000000000820       0x58 ../lib/memcpy.o
 .debug_ranges  0x0000000000000878       0xa0 ../lib/snprintf.o
 .debug_ranges  0x0000000000000918       0x30 myalloc.o

.debug_macro
 *(.debug_macro)

.gnu.attributes
 *(.gnu.attributes)

/DISCARD/
 *(.note.GNU-stack)
 *(.gnu_debuglink)
 *(.gnu.lto_*)
OUTPUT(a.out elf32-i386)
